
**** Build of configuration Debug for project AWAKE_BPM_V1.0 ****

make all 
Building file: ../src/cmd_proc.c
Invoking: MicroBlaze gcc compiler
mb-gcc -Wall -O0 -g3 -c -fmessage-length=0 -I../../standalone_bsp/microblaze_0/include -mlittle-endian -mxl-barrel-shift -mxl-pattern-compare -mcpu=v8.20.a -mno-xl-soft-mul -MMD -MP -MF"src/cmd_proc.d" -MT"src/cmd_proc.d" -o"src/cmd_proc.o" "../src/cmd_proc.c"
../src/cmd_proc.c: In function 'cmd_proc':
../src/cmd_proc.c:39: warning: initialization from incompatible pointer type
Finished building: ../src/cmd_proc.c
' '
Building file: ../src/eth_server.c
Invoking: MicroBlaze gcc compiler
mb-gcc -Wall -O0 -g3 -c -fmessage-length=0 -I../../standalone_bsp/microblaze_0/include -mlittle-endian -mxl-barrel-shift -mxl-pattern-compare -mcpu=v8.20.a -mno-xl-soft-mul -MMD -MP -MF"src/eth_server.d" -MT"src/eth_server.d" -o"src/eth_server.o" "../src/eth_server.c"
Finished building: ../src/eth_server.c
' '
Building file: ../src/fpga_config.c
Invoking: MicroBlaze gcc compiler
mb-gcc -Wall -O0 -g3 -c -fmessage-length=0 -I../../standalone_bsp/microblaze_0/include -mlittle-endian -mxl-barrel-shift -mxl-pattern-compare -mcpu=v8.20.a -mno-xl-soft-mul -MMD -MP -MF"src/fpga_config.d" -MT"src/fpga_config.d" -o"src/fpga_config.o" "../src/fpga_config.c"
../src/fpga_config.c: In function 'flash_buffer_2_fpga':
../src/fpga_config.c:26: warning: initialization from incompatible pointer type
../src/fpga_config.c: In function 'fpga_2_flash_buffer':
../src/fpga_config.c:63: warning: initialization from incompatible pointer type
Finished building: ../src/fpga_config.c
' '
Building file: ../src/main.c
Invoking: MicroBlaze gcc compiler
mb-gcc -Wall -O0 -g3 -c -fmessage-length=0 -I../../standalone_bsp/microblaze_0/include -mlittle-endian -mxl-barrel-shift -mxl-pattern-compare -mcpu=v8.20.a -mno-xl-soft-mul -MMD -MP -MF"src/main.d" -MT"src/main.d" -o"src/main.o" "../src/main.c"
../src/main.c: In function 'main':
../src/main.c:65: warning: initialization from incompatible pointer type
Finished building: ../src/main.c
' '
Building file: ../src/platform.c
Invoking: MicroBlaze gcc compiler
mb-gcc -Wall -O0 -g3 -c -fmessage-length=0 -I../../standalone_bsp/microblaze_0/include -mlittle-endian -mxl-barrel-shift -mxl-pattern-compare -mcpu=v8.20.a -mno-xl-soft-mul -MMD -MP -MF"src/platform.d" -MT"src/platform.d" -o"src/platform.o" "../src/platform.c"
Finished building: ../src/platform.c
' '
Building file: ../src/platform_mb.c
Invoking: MicroBlaze gcc compiler
mb-gcc -Wall -O0 -g3 -c -fmessage-length=0 -I../../standalone_bsp/microblaze_0/include -mlittle-endian -mxl-barrel-shift -mxl-pattern-compare -mcpu=v8.20.a -mno-xl-soft-mul -MMD -MP -MF"src/platform_mb.d" -MT"src/platform_mb.d" -o"src/platform_mb.o" "../src/platform_mb.c"
Finished building: ../src/platform_mb.c
' '
Building file: ../src/platform_ppc.c
Invoking: MicroBlaze gcc compiler
mb-gcc -Wall -O0 -g3 -c -fmessage-length=0 -I../../standalone_bsp/microblaze_0/include -mlittle-endian -mxl-barrel-shift -mxl-pattern-compare -mcpu=v8.20.a -mno-xl-soft-mul -MMD -MP -MF"src/platform_ppc.d" -MT"src/platform_ppc.d" -o"src/platform_ppc.o" "../src/platform_ppc.c"
Finished building: ../src/platform_ppc.c
' '
Building file: ../src/sp_flash.c
Invoking: MicroBlaze gcc compiler
mb-gcc -Wall -O0 -g3 -c -fmessage-length=0 -I../../standalone_bsp/microblaze_0/include -mlittle-endian -mxl-barrel-shift -mxl-pattern-compare -mcpu=v8.20.a -mno-xl-soft-mul -MMD -MP -MF"src/sp_flash.d" -MT"src/sp_flash.d" -o"src/sp_flash.o" "../src/sp_flash.c"
Finished building: ../src/sp_flash.c
' '
Building file: ../src/uart_server.c
Invoking: MicroBlaze gcc compiler
mb-gcc -Wall -O0 -g3 -c -fmessage-length=0 -I../../standalone_bsp/microblaze_0/include -mlittle-endian -mxl-barrel-shift -mxl-pattern-compare -mcpu=v8.20.a -mno-xl-soft-mul -MMD -MP -MF"src/uart_server.d" -MT"src/uart_server.d" -o"src/uart_server.o" "../src/uart_server.c"
Finished building: ../src/uart_server.c
' '
Building target: AWAKE_BPM_V1.0.elf
Invoking: MicroBlaze gcc linker
mb-gcc -Wl,-T -Wl,../src/lscript.ld -L../../standalone_bsp/microblaze_0/lib -mlittle-endian -mxl-barrel-shift -mxl-pattern-compare -mcpu=v8.20.a -mno-xl-soft-mul -o"AWAKE_BPM_V1.0.elf"  ./src/cmd_proc.o ./src/eth_server.o ./src/fpga_config.o ./src/main.o ./src/platform.o ./src/platform_mb.o ./src/platform_ppc.o ./src/sp_flash.o ./src/uart_server.o   -Wl,--start-group,-lxil,-lgcc,-lc,--end-group -llwip4 -lxilflash
Finished building target: AWAKE_BPM_V1.0.elf
' '
Invoking: MicroBlaze Print Size
mb-size AWAKE_BPM_V1.0.elf  |tee "AWAKE_BPM_V1.0.elf.size"
   text	   data	    bss	    dec	    hex	filename
 137550	   1444	 629690	 768684	  bbaac	AWAKE_BPM_V1.0.elf
Finished building: AWAKE_BPM_V1.0.elf.size
' '
Invoking: Xilinx ELF Check
elfcheck AWAKE_BPM_V1.0.elf -hw ../../mb_system_hw_platform/system.xml -pe microblaze_0  |tee "AWAKE_BPM_V1.0.elf.elfcheck"
elfcheck
Xilinx EDK 13.3 Build EDK_O.76xd
Copyright (c) 1995-2011 Xilinx, Inc.  All rights reserved.

Command Line: elfcheck -hw ../../mb_system_hw_platform/system.xml -pe
microblaze_0 AWAKE_BPM_V1.0.elf 

ELF file	: AWAKE_BPM_V1.0.elf
elfcheck passed.
Finished building: AWAKE_BPM_V1.0.elf.elfcheck
' '
