
**** Build of configuration Debug for project srec_bootloader_0 ****

make all 
Building file: ../src/bootloader.c
Invoking: MicroBlaze gcc compiler
mb-gcc -Wall -O0 -g3 -c -fmessage-length=0 -I../../standalone_bsp/microblaze_0/include -mlittle-endian -mxl-barrel-shift -mxl-pattern-compare -mcpu=v8.20.a -mno-xl-soft-mul -MMD -MP -MF"src/bootloader.d" -MT"src/bootloader.d" -o"src/bootloader.o" "../src/bootloader.c"
In file included from ../src/bootloader.c:36:
../src/blconfig.h:12:2: warning: #warning "Please provide the correct address value for the definition FLASH_IMAGE_BASEADDR."
../src/bootloader.c:48: warning: 'display_progress' declared 'static' but never defined
Finished building: ../src/bootloader.c
' '
Building file: ../src/platform.c
Invoking: MicroBlaze gcc compiler
mb-gcc -Wall -O0 -g3 -c -fmessage-length=0 -I../../standalone_bsp/microblaze_0/include -mlittle-endian -mxl-barrel-shift -mxl-pattern-compare -mcpu=v8.20.a -mno-xl-soft-mul -MMD -MP -MF"src/platform.d" -MT"src/platform.d" -o"src/platform.o" "../src/platform.c"
Finished building: ../src/platform.c
' '
Building file: ../src/srec.c
Invoking: MicroBlaze gcc compiler
mb-gcc -Wall -O0 -g3 -c -fmessage-length=0 -I../../standalone_bsp/microblaze_0/include -mlittle-endian -mxl-barrel-shift -mxl-pattern-compare -mcpu=v8.20.a -mno-xl-soft-mul -MMD -MP -MF"src/srec.d" -MT"src/srec.d" -o"src/srec.o" "../src/srec.c"
Finished building: ../src/srec.c
' '
Building target: srec_bootloader_0.elf
Invoking: MicroBlaze gcc linker
mb-gcc -Wl,-T -Wl,../src/lscript.ld -L../../standalone_bsp/microblaze_0/lib -mlittle-endian -mxl-barrel-shift -mxl-pattern-compare -mcpu=v8.20.a -mno-xl-soft-mul -o"srec_bootloader_0.elf"  ./src/bootloader.o ./src/platform.o ./src/srec.o   -Wl,--start-group,-lxil,-lgcc,-lc,--end-group -llwip4 -lxilflash
Finished building target: srec_bootloader_0.elf
' '
Invoking: MicroBlaze Print Size
mb-size srec_bootloader_0.elf  |tee "srec_bootloader_0.elf.size"
   text	   data	    bss	    dec	    hex	filename
   3822	    284	   2482	   6588	   19bc	srec_bootloader_0.elf
Finished building: srec_bootloader_0.elf.size
' '
Invoking: Xilinx ELF Check
elfcheck srec_bootloader_0.elf -hw ../../mb_system_hw_platform/system.xml -pe microblaze_0  |tee "srec_bootloader_0.elf.elfcheck"
elfcheck
Xilinx EDK 13.3 Build EDK_O.76xd
Copyright (c) 1995-2011 Xilinx, Inc.  All rights reserved.

Command Line: elfcheck -hw ../../mb_system_hw_platform/system.xml -pe
microblaze_0 srec_bootloader_0.elf 

ELF file	: srec_bootloader_0.elf
elfcheck passed.
Finished building: srec_bootloader_0.elf.elfcheck
' '
