C:\Users\student\Desktop\Jing\awake.bpm.firmware\mbx2_system_top.ngc 1494881357
C:\Users\student\Desktop\Jing\awake.bpm.firmware/mb_system.ngc 1491849984
C:\Users\student\Desktop\Jing\awake.bpm.firmware/push_buttons_3bits_wrapper.ngc 1491849984
C:\Users\student\Desktop\Jing\awake.bpm.firmware/ethernet_lite_wrapper.ngc 1491849984
C:\Users\student\Desktop\Jing\awake.bpm.firmware/dip_switches_8bits_wrapper.ngc 1491849984
C:\Users\student\Desktop\Jing\awake.bpm.firmware/axi_bram_ctrl_0_wrapper.ngc 1491849984
C:\Users\student\Desktop\Jing\awake.bpm.firmware/rs232_wrapper.ngc 1491849984
C:\Users\student\Desktop\Jing\awake.bpm.firmware/rs232_usb_wrapper.ngc 1491849984
C:\Users\student\Desktop\Jing\awake.bpm.firmware/proc_sys_reset_0_wrapper.ngc 1491849984
C:\Users\student\Desktop\Jing\awake.bpm.firmware/clock_generator_0_wrapper.ngc 1491849984
C:\Users\student\Desktop\Jing\awake.bpm.firmware/microblaze_0_ilmb_wrapper.ngc 1491849984
C:\Users\student\Desktop\Jing\awake.bpm.firmware/microblaze_0_dlmb_wrapper.ngc 1491849984
C:\Users\student\Desktop\Jing\awake.bpm.firmware/mcb_ddr3_wrapper.ngc 1491849984
C:\Users\student\Desktop\Jing\awake.bpm.firmware/axi4lite_0_wrapper.ngc 1491849984
C:\Users\student\Desktop\Jing\awake.bpm.firmware/axi4_0_wrapper.ngc 1491849984
C:\Users\student\Desktop\Jing\awake.bpm.firmware/microblaze_0_wrapper.ngc 1491849984
C:\Users\student\Desktop\Jing\awake.bpm.firmware/microblaze_0_intc_wrapper.ngc 1491849984
C:\Users\student\Desktop\Jing\awake.bpm.firmware/microblaze_0_i_bram_ctrl_wrapper.ngc 1491849984
C:\Users\student\Desktop\Jing\awake.bpm.firmware/microblaze_0_d_bram_ctrl_wrapper.ngc 1491849984
C:\Users\student\Desktop\Jing\awake.bpm.firmware/debug_module_wrapper.ngc 1491849984
C:\Users\student\Desktop\Jing\awake.bpm.firmware/axi_timer_0_wrapper.ngc 1491849984
C:\Users\student\Desktop\Jing\awake.bpm.firmware/linear_flash_wrapper.ngc 1491849984
C:\Users\student\Desktop\Jing\awake.bpm.firmware/leds_8bits_wrapper.ngc 1491849984
C:\Users\student\Desktop\Jing\awake.bpm.firmware/microblaze_0_bram_block_wrapper.ngc 1491849984
ipcore_dir/FIFO_data.ngc 1458250520
ipcore_dir/ccd_fifo.ngc 1458773810
ipcore_dir/fifobuf.ngc 1457800896
ipcore_dir/fix_float.ngc 1458033692
ipcore_dir/SUB_ADD.ngc 1458045760
ipcore_dir/DIVD.ngc 1458030862
ipcore_dir/MUL.ngc 1458033178
ipcore_dir/float_fix.ngc 1458250792
ipcore_dir/Sub.ngc 1457139404
ipcore_dir/float_square.ngc 1456388758
ipcore_dir/float_div.ngc 1456407702
ipcore_dir/DIV.ngc 1457096878
ipcore_dir/ADD.ngc 1457080004
ipcore_dir/fixN2float.ngc 1456408802
ipcore_dir/fix2float.ngc 1456387904
ipcore_dir/float_sum.ngc 1456389104
ipcore_dir/float_sqrt.ngc 1456391590
OK
